Warning: skipping mate #1 of read 'SRR26276138.3996664 NB501531:170:HMYMGBGXH:3:22506:25943:12960 length=151' because length (1) <= # seed mismatches (0)
Warning: skipping mate #1 of read 'SRR26276138.3996664 NB501531:170:HMYMGBGXH:3:22506:25943:12960 length=151' because it was < 2 characters long
Warning: skipping mate #1 of read 'SRR26276138.47566849 A00551:652:HTY7HDSX5:4:2371:29306:32550 length=150' because length (1) <= # seed mismatches (0)
Warning: skipping mate #2 of read 'SRR26276138.47566849 A00551:652:HTY7HDSX5:4:2371:29306:32550 length=150' because length (1) <= # seed mismatches (0)
Warning: skipping mate #1 of read 'SRR26276138.47566849 A00551:652:HTY7HDSX5:4:2371:29306:32550 length=150' because it was < 2 characters long
Warning: skipping mate #2 of read 'SRR26276138.47566849 A00551:652:HTY7HDSX5:4:2371:29306:32550 length=150' because it was < 2 characters long
61931138 reads; of these:
  61931138 (100.00%) were paired; of these:
    61930005 (100.00%) aligned concordantly 0 times
    557 (0.00%) aligned concordantly exactly 1 time
    576 (0.00%) aligned concordantly >1 times
    ----
    61930005 pairs aligned concordantly 0 times; of these:
      142 (0.00%) aligned discordantly 1 time
    ----
    61929863 pairs aligned 0 times concordantly or discordantly; of these:
      123859726 mates make up the pairs; of these:
        123838884 (99.98%) aligned 0 times
        8741 (0.01%) aligned exactly 1 time
        12101 (0.01%) aligned >1 times
0.02% overall alignment rate
