Warning: skipping mate #1 of read 'SRR26276147.1992370 NB501531:170:HMYMGBGXH:2:21305:21680:1280 length=151' because length (1) <= # seed mismatches (0)
Warning: skipping mate #1 of read 'SRR26276147.1992370 NB501531:170:HMYMGBGXH:2:21305:21680:1280 length=151' because it was < 2 characters long
Warning: skipping mate #1 of read 'SRR26276147.14280903 A00551:652:HTY7HDSX5:4:1358:28248:7326 length=150' because length (1) <= # seed mismatches (0)
Warning: skipping mate #2 of read 'SRR26276147.14280903 A00551:652:HTY7HDSX5:4:1358:28248:7326 length=150' because length (1) <= # seed mismatches (0)
Warning: skipping mate #1 of read 'SRR26276147.14280903 A00551:652:HTY7HDSX5:4:1358:28248:7326 length=150' because it was < 2 characters long
Warning: skipping mate #2 of read 'SRR26276147.14280903 A00551:652:HTY7HDSX5:4:1358:28248:7326 length=150' because it was < 2 characters long
Warning: skipping mate #1 of read 'SRR26276147.15843937 A00551:652:HTY7HDSX5:4:1415:3794:23563 length=150' because length (1) <= # seed mismatches (0)
Warning: skipping mate #1 of read 'SRR26276147.15843937 A00551:652:HTY7HDSX5:4:1415:3794:23563 length=150' because it was < 2 characters long
Warning: skipping mate #1 of read 'SRR26276147.20822017 A00551:652:HTY7HDSX5:4:1550:2600:16673 length=150' because length (1) <= # seed mismatches (0)
Warning: skipping mate #2 of read 'SRR26276147.20822017 A00551:652:HTY7HDSX5:4:1550:2600:16673 length=150' because length (1) <= # seed mismatches (0)
Warning: skipping mate #1 of read 'SRR26276147.20822017 A00551:652:HTY7HDSX5:4:1550:2600:16673 length=150' because it was < 2 characters long
Warning: skipping mate #2 of read 'SRR26276147.20822017 A00551:652:HTY7HDSX5:4:1550:2600:16673 length=150' because it was < 2 characters long
Warning: skipping mate #1 of read 'SRR26276147.29880327 A00551:652:HTY7HDSX5:4:2224:25934:19382 length=150' because length (1) <= # seed mismatches (0)
Warning: skipping mate #2 of read 'SRR26276147.29880327 A00551:652:HTY7HDSX5:4:2224:25934:19382 length=150' because length (1) <= # seed mismatches (0)
Warning: skipping mate #1 of read 'SRR26276147.29880327 A00551:652:HTY7HDSX5:4:2224:25934:19382 length=150' because it was < 2 characters long
Warning: skipping mate #2 of read 'SRR26276147.29880327 A00551:652:HTY7HDSX5:4:2224:25934:19382 length=150' because it was < 2 characters long
Warning: skipping mate #1 of read 'SRR26276147.35720141 A00551:652:HTY7HDSX5:4:2402:4182:26584 length=150' because length (1) <= # seed mismatches (0)
Warning: skipping mate #2 of read 'SRR26276147.35720141 A00551:652:HTY7HDSX5:4:2402:4182:26584 length=150' because length (1) <= # seed mismatches (0)
Warning: skipping mate #1 of read 'SRR26276147.35720141 A00551:652:HTY7HDSX5:4:2402:4182:26584 length=150' because it was < 2 characters long
Warning: skipping mate #2 of read 'SRR26276147.35720141 A00551:652:HTY7HDSX5:4:2402:4182:26584 length=150' because it was < 2 characters long
45870286 reads; of these:
  45870286 (100.00%) were paired; of these:
    45869327 (100.00%) aligned concordantly 0 times
    364 (0.00%) aligned concordantly exactly 1 time
    595 (0.00%) aligned concordantly >1 times
    ----
    45869327 pairs aligned concordantly 0 times; of these:
      120 (0.00%) aligned discordantly 1 time
    ----
    45869207 pairs aligned 0 times concordantly or discordantly; of these:
      91738414 mates make up the pairs; of these:
        91721915 (99.98%) aligned 0 times
        6698 (0.01%) aligned exactly 1 time
        9801 (0.01%) aligned >1 times
0.02% overall alignment rate
