Warning: skipping mate #1 of read 'SRR26276107.2359145 NB501531:170:HMYMGBGXH:4:13610:2436:8938 length=151' because length (1) <= # seed mismatches (0)
Warning: skipping mate #2 of read 'SRR26276107.2359145 NB501531:170:HMYMGBGXH:4:13610:2436:8938 length=151' because length (1) <= # seed mismatches (0)
Warning: skipping mate #1 of read 'SRR26276107.2359145 NB501531:170:HMYMGBGXH:4:13610:2436:8938 length=151' because it was < 2 characters long
Warning: skipping mate #2 of read 'SRR26276107.2359145 NB501531:170:HMYMGBGXH:4:13610:2436:8938 length=151' because it was < 2 characters long
Warning: skipping mate #1 of read 'SRR26276107.4212592 A00551:652:HTY7HDSX5:4:1178:31675:3427 length=150' because length (1) <= # seed mismatches (0)
Warning: skipping mate #1 of read 'SRR26276107.4212592 A00551:652:HTY7HDSX5:4:1178:31675:3427 length=150' because it was < 2 characters long
Warning: skipping mate #1 of read 'SRR26276107.7107124 A00551:652:HTY7HDSX5:4:1370:1579:12587 length=150' because length (1) <= # seed mismatches (0)
Warning: skipping mate #1 of read 'SRR26276107.7107124 A00551:652:HTY7HDSX5:4:1370:1579:12587 length=150' because it was < 2 characters long
Warning: skipping mate #1 of read 'SRR26276107.7269535 A00551:652:HTY7HDSX5:4:1378:29035:26036 length=150' because length (1) <= # seed mismatches (0)
Warning: skipping mate #1 of read 'SRR26276107.7269535 A00551:652:HTY7HDSX5:4:1378:29035:26036 length=150' because it was < 2 characters long
Warning: skipping mate #1 of read 'SRR26276107.10145742 A00551:652:HTY7HDSX5:4:1569:19623:31563 length=150' because length (1) <= # seed mismatches (0)
Warning: skipping mate #1 of read 'SRR26276107.10145742 A00551:652:HTY7HDSX5:4:1569:19623:31563 length=150' because it was < 2 characters long
Warning: skipping mate #1 of read 'SRR26276107.10170852 A00551:652:HTY7HDSX5:4:1571:10899:5838 length=150' because length (1) <= # seed mismatches (0)
Warning: skipping mate #1 of read 'SRR26276107.10170852 A00551:652:HTY7HDSX5:4:1571:10899:5838 length=150' because it was < 2 characters long
Warning: skipping mate #1 of read 'SRR26276107.10915309 A00551:652:HTY7HDSX5:4:1631:16378:9408 length=150' because length (1) <= # seed mismatches (0)
Warning: skipping mate #1 of read 'SRR26276107.10915309 A00551:652:HTY7HDSX5:4:1631:16378:9408 length=150' because it was < 2 characters long
Warning: skipping mate #1 of read 'SRR26276107.11719414 A00551:652:HTY7HDSX5:4:1672:10954:3709 length=150' because length (1) <= # seed mismatches (0)
Warning: skipping mate #1 of read 'SRR26276107.11719414 A00551:652:HTY7HDSX5:4:1672:10954:3709 length=150' because it was < 2 characters long
Warning: skipping mate #1 of read 'SRR26276107.11758895 A00551:652:HTY7HDSX5:4:1674:12138:4601 length=150' because length (1) <= # seed mismatches (0)
Warning: skipping mate #1 of read 'SRR26276107.11758895 A00551:652:HTY7HDSX5:4:1674:12138:4601 length=150' because it was < 2 characters long
Warning: skipping mate #1 of read 'SRR26276107.14449908 A00551:652:HTY7HDSX5:4:2262:5746:21308 length=150' because length (1) <= # seed mismatches (0)
Warning: skipping mate #2 of read 'SRR26276107.14449908 A00551:652:HTY7HDSX5:4:2262:5746:21308 length=150' because length (1) <= # seed mismatches (0)
Warning: skipping mate #1 of read 'SRR26276107.14449908 A00551:652:HTY7HDSX5:4:2262:5746:21308 length=150' because it was < 2 characters long
Warning: skipping mate #2 of read 'SRR26276107.14449908 A00551:652:HTY7HDSX5:4:2262:5746:21308 length=150' because it was < 2 characters long
Warning: skipping mate #1 of read 'SRR26276107.15992188 A00551:652:HTY7HDSX5:4:2367:9489:22842 length=150' because length (1) <= # seed mismatches (0)
Warning: skipping mate #1 of read 'SRR26276107.15992188 A00551:652:HTY7HDSX5:4:2367:9489:22842 length=150' because it was < 2 characters long
Warning: skipping mate #1 of read 'SRR26276107.19596079 A00551:652:HTY7HDSX5:4:2626:20654:5384 length=150' because length (1) <= # seed mismatches (0)
Warning: skipping mate #2 of read 'SRR26276107.19596079 A00551:652:HTY7HDSX5:4:2626:20654:5384 length=150' because length (1) <= # seed mismatches (0)
Warning: skipping mate #1 of read 'SRR26276107.19596079 A00551:652:HTY7HDSX5:4:2626:20654:5384 length=150' because it was < 2 characters long
Warning: skipping mate #2 of read 'SRR26276107.19596079 A00551:652:HTY7HDSX5:4:2626:20654:5384 length=150' because it was < 2 characters long
20586600 reads; of these:
  20586600 (100.00%) were paired; of these:
    20585212 (99.99%) aligned concordantly 0 times
    703 (0.00%) aligned concordantly exactly 1 time
    685 (0.00%) aligned concordantly >1 times
    ----
    20585212 pairs aligned concordantly 0 times; of these:
      32 (0.00%) aligned discordantly 1 time
    ----
    20585180 pairs aligned 0 times concordantly or discordantly; of these:
      41170360 mates make up the pairs; of these:
        41164989 (99.99%) aligned 0 times
        2360 (0.01%) aligned exactly 1 time
        3011 (0.01%) aligned >1 times
0.02% overall alignment rate
