Warning: skipping mate #1 of read 'SRR26276144.12883063 A00551:652:HTY7HDSX5:4:1654:26187:18818 length=150' because length (1) <= # seed mismatches (0)
Warning: skipping mate #2 of read 'SRR26276144.12883063 A00551:652:HTY7HDSX5:4:1654:26187:18818 length=150' because length (1) <= # seed mismatches (0)
Warning: skipping mate #1 of read 'SRR26276144.12883063 A00551:652:HTY7HDSX5:4:1654:26187:18818 length=150' because it was < 2 characters long
Warning: skipping mate #2 of read 'SRR26276144.12883063 A00551:652:HTY7HDSX5:4:1654:26187:18818 length=150' because it was < 2 characters long
Warning: skipping mate #1 of read 'SRR26276144.13188436 A00551:652:HTY7HDSX5:4:1668:15103:27023 length=150' because length (1) <= # seed mismatches (0)
Warning: skipping mate #1 of read 'SRR26276144.13188436 A00551:652:HTY7HDSX5:4:1668:15103:27023 length=150' because it was < 2 characters long
Warning: skipping mate #2 of read 'SRR26276144.13329231 A00551:652:HTY7HDSX5:4:1675:27281:11506 length=150' because length (1) <= # seed mismatches (0)
Warning: skipping mate #2 of read 'SRR26276144.13329231 A00551:652:HTY7HDSX5:4:1675:27281:11506 length=150' because it was < 2 characters long
23020794 reads; of these:
  23020794 (100.00%) were paired; of these:
    23019494 (99.99%) aligned concordantly 0 times
    586 (0.00%) aligned concordantly exactly 1 time
    714 (0.00%) aligned concordantly >1 times
    ----
    23019494 pairs aligned concordantly 0 times; of these:
      42 (0.00%) aligned discordantly 1 time
    ----
    23019452 pairs aligned 0 times concordantly or discordantly; of these:
      46038904 mates make up the pairs; of these:
        46032180 (99.99%) aligned 0 times
        2973 (0.01%) aligned exactly 1 time
        3751 (0.01%) aligned >1 times
0.02% overall alignment rate
