Warning: skipping mate #1 of read 'SRR26276069.2936968 NB501531:170:HMYMGBGXH:4:23410:12299:1425 length=151' because length (1) <= # seed mismatches (0)
Warning: skipping mate #1 of read 'SRR26276069.2936968 NB501531:170:HMYMGBGXH:4:23410:12299:1425 length=151' because it was < 2 characters long
Warning: skipping mate #1 of read 'SRR26276069.16528230 A00551:652:HTY7HDSX5:4:1429:25310:19961 length=150' because length (1) <= # seed mismatches (0)
Warning: skipping mate #2 of read 'SRR26276069.16528230 A00551:652:HTY7HDSX5:4:1429:25310:19961 length=150' because length (1) <= # seed mismatches (0)
Warning: skipping mate #1 of read 'SRR26276069.16528230 A00551:652:HTY7HDSX5:4:1429:25310:19961 length=150' because it was < 2 characters long
Warning: skipping mate #2 of read 'SRR26276069.16528230 A00551:652:HTY7HDSX5:4:1429:25310:19961 length=150' because it was < 2 characters long
Warning: skipping mate #2 of read 'SRR26276069.17902235 A00551:652:HTY7HDSX5:4:1456:7780:5134 length=150' because length (1) <= # seed mismatches (0)
Warning: skipping mate #2 of read 'SRR26276069.17902235 A00551:652:HTY7HDSX5:4:1456:7780:5134 length=150' because it was < 2 characters long
Warning: skipping mate #1 of read 'SRR26276069.30983659 A00551:652:HTY7HDSX5:4:2178:8006:32581 length=150' because length (1) <= # seed mismatches (0)
Warning: skipping mate #1 of read 'SRR26276069.30983659 A00551:652:HTY7HDSX5:4:2178:8006:32581 length=150' because it was < 2 characters long
Warning: skipping mate #2 of read 'SRR26276069.33542982 A00551:652:HTY7HDSX5:4:2251:24632:36761 length=150' because length (1) <= # seed mismatches (0)
Warning: skipping mate #2 of read 'SRR26276069.33542982 A00551:652:HTY7HDSX5:4:2251:24632:36761 length=150' because it was < 2 characters long
Warning: skipping mate #1 of read 'SRR26276069.35739199 A00551:652:HTY7HDSX5:4:2317:7735:33520 length=150' because length (1) <= # seed mismatches (0)
Warning: skipping mate #1 of read 'SRR26276069.35739199 A00551:652:HTY7HDSX5:4:2317:7735:33520 length=150' because it was < 2 characters long
Warning: skipping mate #1 of read 'SRR26276069.43489091 A00551:652:HTY7HDSX5:4:2515:8477:32205 length=150' because length (1) <= # seed mismatches (0)
Warning: skipping mate #2 of read 'SRR26276069.43489091 A00551:652:HTY7HDSX5:4:2515:8477:32205 length=150' because length (1) <= # seed mismatches (0)
Warning: skipping mate #1 of read 'SRR26276069.43489091 A00551:652:HTY7HDSX5:4:2515:8477:32205 length=150' because it was < 2 characters long
Warning: skipping mate #2 of read 'SRR26276069.43489091 A00551:652:HTY7HDSX5:4:2515:8477:32205 length=150' because it was < 2 characters long
Warning: skipping mate #1 of read 'SRR26276069.50189500 A00551:652:HTY7HDSX5:4:2670:16306:32518 length=150' because length (1) <= # seed mismatches (0)
Warning: skipping mate #2 of read 'SRR26276069.50189500 A00551:652:HTY7HDSX5:4:2670:16306:32518 length=150' because length (1) <= # seed mismatches (0)
Warning: skipping mate #1 of read 'SRR26276069.50189500 A00551:652:HTY7HDSX5:4:2670:16306:32518 length=150' because it was < 2 characters long
Warning: skipping mate #2 of read 'SRR26276069.50189500 A00551:652:HTY7HDSX5:4:2670:16306:32518 length=150' because it was < 2 characters long
50595651 reads; of these:
  50595651 (100.00%) were paired; of these:
    50595019 (100.00%) aligned concordantly 0 times
    344 (0.00%) aligned concordantly exactly 1 time
    288 (0.00%) aligned concordantly >1 times
    ----
    50595019 pairs aligned concordantly 0 times; of these:
      63 (0.00%) aligned discordantly 1 time
    ----
    50594956 pairs aligned 0 times concordantly or discordantly; of these:
      101189912 mates make up the pairs; of these:
        101179126 (99.99%) aligned 0 times
        5064 (0.01%) aligned exactly 1 time
        5722 (0.01%) aligned >1 times
0.01% overall alignment rate
