Warning: skipping mate #1 of read 'SRR26276092.1094832 NB501531:170:HMYMGBGXH:2:13303:13410:12084 length=151' because length (1) <= # seed mismatches (0)
Warning: skipping mate #1 of read 'SRR26276092.1094832 NB501531:170:HMYMGBGXH:2:13303:13410:12084 length=151' because it was < 2 characters long
Warning: skipping mate #1 of read 'SRR26276092.1180709 NB501531:170:HMYMGBGXH:2:21204:9015:15536 length=151' because length (1) <= # seed mismatches (0)
Warning: skipping mate #2 of read 'SRR26276092.1180709 NB501531:170:HMYMGBGXH:2:21204:9015:15536 length=151' because length (1) <= # seed mismatches (0)
Warning: skipping mate #1 of read 'SRR26276092.1180709 NB501531:170:HMYMGBGXH:2:21204:9015:15536 length=151' because it was < 2 characters long
Warning: skipping mate #2 of read 'SRR26276092.1180709 NB501531:170:HMYMGBGXH:2:21204:9015:15536 length=151' because it was < 2 characters long
Warning: skipping mate #1 of read 'SRR26276092.1321038 NB501531:170:HMYMGBGXH:2:22209:21473:4987 length=151' because length (1) <= # seed mismatches (0)
Warning: skipping mate #1 of read 'SRR26276092.1321038 NB501531:170:HMYMGBGXH:2:22209:21473:4987 length=151' because it was < 2 characters long
Warning: skipping mate #1 of read 'SRR26276092.1628839 NB501531:170:HMYMGBGXH:3:12402:14067:2456 length=151' because length (1) <= # seed mismatches (0)
Warning: skipping mate #1 of read 'SRR26276092.1628839 NB501531:170:HMYMGBGXH:3:12402:14067:2456 length=151' because it was < 2 characters long
Warning: skipping mate #1 of read 'SRR26276092.3674079 A00551:652:HTY7HDSX5:4:1126:24804:3991 length=150' because length (1) <= # seed mismatches (0)
Warning: skipping mate #2 of read 'SRR26276092.3674079 A00551:652:HTY7HDSX5:4:1126:24804:3991 length=150' because length (1) <= # seed mismatches (0)
Warning: skipping mate #1 of read 'SRR26276092.3674079 A00551:652:HTY7HDSX5:4:1126:24804:3991 length=150' because it was < 2 characters long
Warning: skipping mate #2 of read 'SRR26276092.3674079 A00551:652:HTY7HDSX5:4:1126:24804:3991 length=150' because it was < 2 characters long
Warning: skipping mate #1 of read 'SRR26276092.22263122 A00551:652:HTY7HDSX5:4:2428:9652:9909 length=150' because length (1) <= # seed mismatches (0)
Warning: skipping mate #2 of read 'SRR26276092.22263122 A00551:652:HTY7HDSX5:4:2428:9652:9909 length=150' because length (1) <= # seed mismatches (0)
Warning: skipping mate #1 of read 'SRR26276092.22263122 A00551:652:HTY7HDSX5:4:2428:9652:9909 length=150' because it was < 2 characters long
Warning: skipping mate #2 of read 'SRR26276092.22263122 A00551:652:HTY7HDSX5:4:2428:9652:9909 length=150' because it was < 2 characters long
Warning: skipping mate #1 of read 'SRR26276092.25265392 A00551:652:HTY7HDSX5:4:2566:1561:20071 length=150' because length (1) <= # seed mismatches (0)
Warning: skipping mate #1 of read 'SRR26276092.25265392 A00551:652:HTY7HDSX5:4:2566:1561:20071 length=150' because it was < 2 characters long
27594167 reads; of these:
  27594167 (100.00%) were paired; of these:
    27592927 (100.00%) aligned concordantly 0 times
    658 (0.00%) aligned concordantly exactly 1 time
    582 (0.00%) aligned concordantly >1 times
    ----
    27592927 pairs aligned concordantly 0 times; of these:
      38 (0.00%) aligned discordantly 1 time
    ----
    27592889 pairs aligned 0 times concordantly or discordantly; of these:
      55185778 mates make up the pairs; of these:
        55178603 (99.99%) aligned 0 times
        3525 (0.01%) aligned exactly 1 time
        3650 (0.01%) aligned >1 times
0.02% overall alignment rate
