Warning: skipping mate #1 of read 'SRR26276094.5504596 A00551:652:HTY7HDSX5:4:1176:29080:36135 length=150' because length (1) <= # seed mismatches (0)
Warning: skipping mate #1 of read 'SRR26276094.5504596 A00551:652:HTY7HDSX5:4:1176:29080:36135 length=150' because it was < 2 characters long
Warning: skipping mate #1 of read 'SRR26276094.13194132 A00551:652:HTY7HDSX5:4:1526:12979:4178 length=150' because length (1) <= # seed mismatches (0)
Warning: skipping mate #2 of read 'SRR26276094.13194132 A00551:652:HTY7HDSX5:4:1526:12979:4178 length=150' because length (1) <= # seed mismatches (0)
Warning: skipping mate #1 of read 'SRR26276094.13194132 A00551:652:HTY7HDSX5:4:1526:12979:4178 length=150' because it was < 2 characters long
Warning: skipping mate #2 of read 'SRR26276094.13194132 A00551:652:HTY7HDSX5:4:1526:12979:4178 length=150' because it was < 2 characters long
Warning: skipping mate #1 of read 'SRR26276094.25139575 A00551:652:HTY7HDSX5:4:2454:27778:13025 length=150' because length (1) <= # seed mismatches (0)
Warning: skipping mate #2 of read 'SRR26276094.25139575 A00551:652:HTY7HDSX5:4:2454:27778:13025 length=150' because length (1) <= # seed mismatches (0)
Warning: skipping mate #1 of read 'SRR26276094.25139575 A00551:652:HTY7HDSX5:4:2454:27778:13025 length=150' because it was < 2 characters long
Warning: skipping mate #2 of read 'SRR26276094.25139575 A00551:652:HTY7HDSX5:4:2454:27778:13025 length=150' because it was < 2 characters long
30272484 reads; of these:
  30272484 (100.00%) were paired; of these:
    30270698 (99.99%) aligned concordantly 0 times
    568 (0.00%) aligned concordantly exactly 1 time
    1218 (0.00%) aligned concordantly >1 times
    ----
    30270698 pairs aligned concordantly 0 times; of these:
      56 (0.00%) aligned discordantly 1 time
    ----
    30270642 pairs aligned 0 times concordantly or discordantly; of these:
      60541284 mates make up the pairs; of these:
        60531323 (99.98%) aligned 0 times
        4428 (0.01%) aligned exactly 1 time
        5533 (0.01%) aligned >1 times
0.02% overall alignment rate
