Warning: skipping mate #2 of read 'SRR26276099.6764085 A00551:652:HTY7HDSX5:4:1165:29722:16642 length=150' because length (1) <= # seed mismatches (0)
Warning: skipping mate #2 of read 'SRR26276099.6764085 A00551:652:HTY7HDSX5:4:1165:29722:16642 length=150' because it was < 2 characters long
Warning: skipping mate #1 of read 'SRR26276099.21974593 A00551:652:HTY7HDSX5:4:2111:1678:3583 length=150' because length (1) <= # seed mismatches (0)
Warning: skipping mate #2 of read 'SRR26276099.21974593 A00551:652:HTY7HDSX5:4:2111:1678:3583 length=150' because length (1) <= # seed mismatches (0)
Warning: skipping mate #1 of read 'SRR26276099.21974593 A00551:652:HTY7HDSX5:4:2111:1678:3583 length=150' because it was < 2 characters long
Warning: skipping mate #2 of read 'SRR26276099.21974593 A00551:652:HTY7HDSX5:4:2111:1678:3583 length=150' because it was < 2 characters long
Warning: skipping mate #1 of read 'SRR26276099.38048193 A00551:652:HTY7HDSX5:4:2668:21504:15436 length=150' because length (1) <= # seed mismatches (0)
Warning: skipping mate #1 of read 'SRR26276099.38048193 A00551:652:HTY7HDSX5:4:2668:21504:15436 length=150' because it was < 2 characters long
38425794 reads; of these:
  38425794 (100.00%) were paired; of these:
    38424678 (100.00%) aligned concordantly 0 times
    486 (0.00%) aligned concordantly exactly 1 time
    630 (0.00%) aligned concordantly >1 times
    ----
    38424678 pairs aligned concordantly 0 times; of these:
      95 (0.00%) aligned discordantly 1 time
    ----
    38424583 pairs aligned 0 times concordantly or discordantly; of these:
      76849166 mates make up the pairs; of these:
        76833017 (99.98%) aligned 0 times
        7062 (0.01%) aligned exactly 1 time
        9087 (0.01%) aligned >1 times
0.02% overall alignment rate
