Warning: skipping mate #1 of read 'SRR26276102.587107 A00551:652:HTY7HDSX5:4:1108:16016:32925 length=150' because length (1) <= # seed mismatches (0)
Warning: skipping mate #2 of read 'SRR26276102.587107 A00551:652:HTY7HDSX5:4:1108:16016:32925 length=150' because length (1) <= # seed mismatches (0)
Warning: skipping mate #1 of read 'SRR26276102.587107 A00551:652:HTY7HDSX5:4:1108:16016:32925 length=150' because it was < 2 characters long
Warning: skipping mate #2 of read 'SRR26276102.587107 A00551:652:HTY7HDSX5:4:1108:16016:32925 length=150' because it was < 2 characters long
Warning: skipping mate #1 of read 'SRR26276102.1373499 A00551:652:HTY7HDSX5:4:1119:13087:6809 length=150' because length (1) <= # seed mismatches (0)
Warning: skipping mate #2 of read 'SRR26276102.1373499 A00551:652:HTY7HDSX5:4:1119:13087:6809 length=150' because length (1) <= # seed mismatches (0)
Warning: skipping mate #1 of read 'SRR26276102.1373499 A00551:652:HTY7HDSX5:4:1119:13087:6809 length=150' because it was < 2 characters long
Warning: skipping mate #2 of read 'SRR26276102.1373499 A00551:652:HTY7HDSX5:4:1119:13087:6809 length=150' because it was < 2 characters long
Warning: skipping mate #1 of read 'SRR26276102.18140703 A00551:652:HTY7HDSX5:4:1378:14678:13385 length=150' because length (1) <= # seed mismatches (0)
Warning: skipping mate #1 of read 'SRR26276102.18140703 A00551:652:HTY7HDSX5:4:1378:14678:13385 length=150' because it was < 2 characters long
Warning: skipping mate #1 of read 'SRR26276102.18367098 A00551:652:HTY7HDSX5:4:1403:2112:12540 length=150' because length (1) <= # seed mismatches (0)
Warning: skipping mate #2 of read 'SRR26276102.18367098 A00551:652:HTY7HDSX5:4:1403:2112:12540 length=150' because length (1) <= # seed mismatches (0)
Warning: skipping mate #1 of read 'SRR26276102.18367098 A00551:652:HTY7HDSX5:4:1403:2112:12540 length=150' because it was < 2 characters long
Warning: skipping mate #2 of read 'SRR26276102.18367098 A00551:652:HTY7HDSX5:4:1403:2112:12540 length=150' because it was < 2 characters long
Warning: skipping mate #1 of read 'SRR26276102.37265630 A00551:652:HTY7HDSX5:4:2112:15501:23109 length=150' because length (1) <= # seed mismatches (0)
Warning: skipping mate #2 of read 'SRR26276102.37265630 A00551:652:HTY7HDSX5:4:2112:15501:23109 length=150' because length (1) <= # seed mismatches (0)
Warning: skipping mate #1 of read 'SRR26276102.37265630 A00551:652:HTY7HDSX5:4:2112:15501:23109 length=150' because it was < 2 characters long
Warning: skipping mate #2 of read 'SRR26276102.37265630 A00551:652:HTY7HDSX5:4:2112:15501:23109 length=150' because it was < 2 characters long
Warning: skipping mate #1 of read 'SRR26276102.54724166 A00551:652:HTY7HDSX5:4:2406:24117:26130 length=150' because length (1) <= # seed mismatches (0)
Warning: skipping mate #2 of read 'SRR26276102.54724166 A00551:652:HTY7HDSX5:4:2406:24117:26130 length=150' because length (1) <= # seed mismatches (0)
Warning: skipping mate #1 of read 'SRR26276102.54724166 A00551:652:HTY7HDSX5:4:2406:24117:26130 length=150' because it was < 2 characters long
Warning: skipping mate #2 of read 'SRR26276102.54724166 A00551:652:HTY7HDSX5:4:2406:24117:26130 length=150' because it was < 2 characters long
Warning: skipping mate #1 of read 'SRR26276102.64335420 A00551:652:HTY7HDSX5:4:2552:5412:34788 length=150' because length (1) <= # seed mismatches (0)
Warning: skipping mate #2 of read 'SRR26276102.64335420 A00551:652:HTY7HDSX5:4:2552:5412:34788 length=150' because length (1) <= # seed mismatches (0)
Warning: skipping mate #1 of read 'SRR26276102.64335420 A00551:652:HTY7HDSX5:4:2552:5412:34788 length=150' because it was < 2 characters long
Warning: skipping mate #2 of read 'SRR26276102.64335420 A00551:652:HTY7HDSX5:4:2552:5412:34788 length=150' because it was < 2 characters long
72336322 reads; of these:
  72336322 (100.00%) were paired; of these:
    72335500 (100.00%) aligned concordantly 0 times
    244 (0.00%) aligned concordantly exactly 1 time
    578 (0.00%) aligned concordantly >1 times
    ----
    72335500 pairs aligned concordantly 0 times; of these:
      66 (0.00%) aligned discordantly 1 time
    ----
    72335434 pairs aligned 0 times concordantly or discordantly; of these:
      144670868 mates make up the pairs; of these:
        144648249 (99.98%) aligned 0 times
        9418 (0.01%) aligned exactly 1 time
        13201 (0.01%) aligned >1 times
0.02% overall alignment rate
