Warning: skipping mate #1 of read 'SRR26276149.3097614 NB501531:170:HMYMGBGXH:4:11606:24051:6321 length=151' because length (1) <= # seed mismatches (0)
Warning: skipping mate #2 of read 'SRR26276149.3097614 NB501531:170:HMYMGBGXH:4:11606:24051:6321 length=151' because length (1) <= # seed mismatches (0)
Warning: skipping mate #1 of read 'SRR26276149.3097614 NB501531:170:HMYMGBGXH:4:11606:24051:6321 length=151' because it was < 2 characters long
Warning: skipping mate #2 of read 'SRR26276149.3097614 NB501531:170:HMYMGBGXH:4:11606:24051:6321 length=151' because it was < 2 characters long
Warning: skipping mate #1 of read 'SRR26276149.21296578 A00551:652:HTY7HDSX5:4:1573:13657:35039 length=150' because length (1) <= # seed mismatches (0)
Warning: skipping mate #2 of read 'SRR26276149.21296578 A00551:652:HTY7HDSX5:4:1573:13657:35039 length=150' because length (1) <= # seed mismatches (0)
Warning: skipping mate #1 of read 'SRR26276149.21296578 A00551:652:HTY7HDSX5:4:1573:13657:35039 length=150' because it was < 2 characters long
Warning: skipping mate #2 of read 'SRR26276149.21296578 A00551:652:HTY7HDSX5:4:1573:13657:35039 length=150' because it was < 2 characters long
Warning: skipping mate #1 of read 'SRR26276149.31808524 A00551:652:HTY7HDSX5:4:2278:5611:13244 length=150' because length (1) <= # seed mismatches (0)
Warning: skipping mate #2 of read 'SRR26276149.31808524 A00551:652:HTY7HDSX5:4:2278:5611:13244 length=150' because length (1) <= # seed mismatches (0)
Warning: skipping mate #1 of read 'SRR26276149.31808524 A00551:652:HTY7HDSX5:4:2278:5611:13244 length=150' because it was < 2 characters long
Warning: skipping mate #2 of read 'SRR26276149.31808524 A00551:652:HTY7HDSX5:4:2278:5611:13244 length=150' because it was < 2 characters long
Warning: skipping mate #1 of read 'SRR26276149.31816539 A00551:652:HTY7HDSX5:4:2278:9588:19852 length=150' because length (1) <= # seed mismatches (0)
Warning: skipping mate #2 of read 'SRR26276149.31816539 A00551:652:HTY7HDSX5:4:2278:9588:19852 length=150' because length (1) <= # seed mismatches (0)
Warning: skipping mate #1 of read 'SRR26276149.31816539 A00551:652:HTY7HDSX5:4:2278:9588:19852 length=150' because it was < 2 characters long
Warning: skipping mate #2 of read 'SRR26276149.31816539 A00551:652:HTY7HDSX5:4:2278:9588:19852 length=150' because it was < 2 characters long
Warning: skipping mate #1 of read 'SRR26276149.37350670 A00551:652:HTY7HDSX5:4:2447:27145:11741 length=150' because length (1) <= # seed mismatches (0)
Warning: skipping mate #2 of read 'SRR26276149.37350670 A00551:652:HTY7HDSX5:4:2447:27145:11741 length=150' because length (1) <= # seed mismatches (0)
Warning: skipping mate #1 of read 'SRR26276149.37350670 A00551:652:HTY7HDSX5:4:2447:27145:11741 length=150' because it was < 2 characters long
Warning: skipping mate #2 of read 'SRR26276149.37350670 A00551:652:HTY7HDSX5:4:2447:27145:11741 length=150' because it was < 2 characters long
45685635 reads; of these:
  45685635 (100.00%) were paired; of these:
    45684405 (100.00%) aligned concordantly 0 times
    479 (0.00%) aligned concordantly exactly 1 time
    751 (0.00%) aligned concordantly >1 times
    ----
    45684405 pairs aligned concordantly 0 times; of these:
      79 (0.00%) aligned discordantly 1 time
    ----
    45684326 pairs aligned 0 times concordantly or discordantly; of these:
      91368652 mates make up the pairs; of these:
        91353262 (99.98%) aligned 0 times
        6729 (0.01%) aligned exactly 1 time
        8661 (0.01%) aligned >1 times
0.02% overall alignment rate
