Warning: skipping mate #1 of read 'SRR26276086.1239418 NB501531:170:HMYMGBGXH:2:13206:5336:7800 length=151' because length (1) <= # seed mismatches (0)
Warning: skipping mate #1 of read 'SRR26276086.1239418 NB501531:170:HMYMGBGXH:2:13206:5336:7800 length=151' because it was < 2 characters long
Warning: skipping mate #1 of read 'SRR26276086.3632809 A00551:652:HTY7HDSX5:4:1103:31259:10128 length=150' because length (1) <= # seed mismatches (0)
Warning: skipping mate #1 of read 'SRR26276086.3632809 A00551:652:HTY7HDSX5:4:1103:31259:10128 length=150' because it was < 2 characters long
Warning: skipping mate #1 of read 'SRR26276086.20224156 A00551:652:HTY7HDSX5:4:1427:3812:34272 length=150' because length (1) <= # seed mismatches (0)
Warning: skipping mate #1 of read 'SRR26276086.20224156 A00551:652:HTY7HDSX5:4:1427:3812:34272 length=150' because it was < 2 characters long
Warning: skipping mate #1 of read 'SRR26276086.41144791 A00551:652:HTY7HDSX5:4:2245:9127:29543 length=150' because length (1) <= # seed mismatches (0)
Warning: skipping mate #2 of read 'SRR26276086.41144791 A00551:652:HTY7HDSX5:4:2245:9127:29543 length=150' because length (1) <= # seed mismatches (0)
Warning: skipping mate #1 of read 'SRR26276086.41144791 A00551:652:HTY7HDSX5:4:2245:9127:29543 length=150' because it was < 2 characters long
Warning: skipping mate #2 of read 'SRR26276086.41144791 A00551:652:HTY7HDSX5:4:2245:9127:29543 length=150' because it was < 2 characters long
Warning: skipping mate #1 of read 'SRR26276086.53749135 A00551:652:HTY7HDSX5:4:2511:12825:28119 length=150' because length (1) <= # seed mismatches (0)
Warning: skipping mate #2 of read 'SRR26276086.53749135 A00551:652:HTY7HDSX5:4:2511:12825:28119 length=150' because length (1) <= # seed mismatches (0)
Warning: skipping mate #1 of read 'SRR26276086.53749135 A00551:652:HTY7HDSX5:4:2511:12825:28119 length=150' because it was < 2 characters long
Warning: skipping mate #2 of read 'SRR26276086.53749135 A00551:652:HTY7HDSX5:4:2511:12825:28119 length=150' because it was < 2 characters long
Warning: skipping mate #1 of read 'SRR26276086.58892944 A00551:652:HTY7HDSX5:4:2615:26567:11490 length=150' because length (1) <= # seed mismatches (0)
Warning: skipping mate #2 of read 'SRR26276086.58892944 A00551:652:HTY7HDSX5:4:2615:26567:11490 length=150' because length (1) <= # seed mismatches (0)
Warning: skipping mate #1 of read 'SRR26276086.58892944 A00551:652:HTY7HDSX5:4:2615:26567:11490 length=150' because it was < 2 characters long
Warning: skipping mate #2 of read 'SRR26276086.58892944 A00551:652:HTY7HDSX5:4:2615:26567:11490 length=150' because it was < 2 characters long
62901508 reads; of these:
  62901508 (100.00%) were paired; of these:
    62900314 (100.00%) aligned concordantly 0 times
    698 (0.00%) aligned concordantly exactly 1 time
    496 (0.00%) aligned concordantly >1 times
    ----
    62900314 pairs aligned concordantly 0 times; of these:
      80 (0.00%) aligned discordantly 1 time
    ----
    62900234 pairs aligned 0 times concordantly or discordantly; of these:
      125800468 mates make up the pairs; of these:
        125785398 (99.99%) aligned 0 times
        7105 (0.01%) aligned exactly 1 time
        7965 (0.01%) aligned >1 times
0.01% overall alignment rate
