Warning: skipping mate #1 of read 'SRR26276058.2793673 NB501531:170:HMYMGBGXH:3:22503:20625:6305 length=151' because length (1) <= # seed mismatches (0)
Warning: skipping mate #1 of read 'SRR26276058.2793673 NB501531:170:HMYMGBGXH:3:22503:20625:6305 length=151' because it was < 2 characters long
Warning: skipping mate #1 of read 'SRR26276058.9977644 A00551:652:HTY7HDSX5:4:1327:8693:15984 length=150' because length (1) <= # seed mismatches (0)
Warning: skipping mate #2 of read 'SRR26276058.9977644 A00551:652:HTY7HDSX5:4:1327:8693:15984 length=150' because length (1) <= # seed mismatches (0)
Warning: skipping mate #1 of read 'SRR26276058.9977644 A00551:652:HTY7HDSX5:4:1327:8693:15984 length=150' because it was < 2 characters long
Warning: skipping mate #2 of read 'SRR26276058.9977644 A00551:652:HTY7HDSX5:4:1327:8693:15984 length=150' because it was < 2 characters long
Warning: skipping mate #1 of read 'SRR26276058.33715345 A00551:652:HTY7HDSX5:4:2676:22842:3724 length=150' because length (1) <= # seed mismatches (0)
Warning: skipping mate #1 of read 'SRR26276058.33715345 A00551:652:HTY7HDSX5:4:2676:22842:3724 length=150' because it was < 2 characters long
33805036 reads; of these:
  33805036 (100.00%) were paired; of these:
    33803002 (99.99%) aligned concordantly 0 times
    574 (0.00%) aligned concordantly exactly 1 time
    1460 (0.00%) aligned concordantly >1 times
    ----
    33803002 pairs aligned concordantly 0 times; of these:
      44 (0.00%) aligned discordantly 1 time
    ----
    33802958 pairs aligned 0 times concordantly or discordantly; of these:
      67605916 mates make up the pairs; of these:
        67596479 (99.99%) aligned 0 times
        3747 (0.01%) aligned exactly 1 time
        5690 (0.01%) aligned >1 times
0.02% overall alignment rate
