Warning: skipping mate #1 of read 'SRR26276128.15198915 A00551:652:HTY7HDSX5:4:1563:29270:1204 length=150' because length (1) <= # seed mismatches (0)
Warning: skipping mate #2 of read 'SRR26276128.15198915 A00551:652:HTY7HDSX5:4:1563:29270:1204 length=150' because length (1) <= # seed mismatches (0)
Warning: skipping mate #1 of read 'SRR26276128.15198915 A00551:652:HTY7HDSX5:4:1563:29270:1204 length=150' because it was < 2 characters long
Warning: skipping mate #2 of read 'SRR26276128.15198915 A00551:652:HTY7HDSX5:4:1563:29270:1204 length=150' because it was < 2 characters long
Warning: skipping mate #1 of read 'SRR26276128.26179369 A00551:652:HTY7HDSX5:4:2456:10863:15483 length=150' because length (1) <= # seed mismatches (0)
Warning: skipping mate #1 of read 'SRR26276128.26179369 A00551:652:HTY7HDSX5:4:2456:10863:15483 length=150' because it was < 2 characters long
31285959 reads; of these:
  31285959 (100.00%) were paired; of these:
    31285044 (100.00%) aligned concordantly 0 times
    431 (0.00%) aligned concordantly exactly 1 time
    484 (0.00%) aligned concordantly >1 times
    ----
    31285044 pairs aligned concordantly 0 times; of these:
      77 (0.00%) aligned discordantly 1 time
    ----
    31284967 pairs aligned 0 times concordantly or discordantly; of these:
      62569934 mates make up the pairs; of these:
        62557141 (99.98%) aligned 0 times
        5620 (0.01%) aligned exactly 1 time
        7173 (0.01%) aligned >1 times
0.02% overall alignment rate
