Warning: skipping mate #1 of read 'SRR26276101.3963914 A00551:652:HTY7HDSX5:4:1172:28293:36307 length=150' because length (1) <= # seed mismatches (0)
Warning: skipping mate #2 of read 'SRR26276101.3963914 A00551:652:HTY7HDSX5:4:1172:28293:36307 length=150' because length (1) <= # seed mismatches (0)
Warning: skipping mate #1 of read 'SRR26276101.3963914 A00551:652:HTY7HDSX5:4:1172:28293:36307 length=150' because it was < 2 characters long
Warning: skipping mate #2 of read 'SRR26276101.3963914 A00551:652:HTY7HDSX5:4:1172:28293:36307 length=150' because it was < 2 characters long
Warning: skipping mate #1 of read 'SRR26276101.10420121 A00551:652:HTY7HDSX5:4:1648:14407:17957 length=150' because length (1) <= # seed mismatches (0)
Warning: skipping mate #2 of read 'SRR26276101.10420121 A00551:652:HTY7HDSX5:4:1648:14407:17957 length=150' because length (1) <= # seed mismatches (0)
Warning: skipping mate #1 of read 'SRR26276101.10420121 A00551:652:HTY7HDSX5:4:1648:14407:17957 length=150' because it was < 2 characters long
Warning: skipping mate #2 of read 'SRR26276101.10420121 A00551:652:HTY7HDSX5:4:1648:14407:17957 length=150' because it was < 2 characters long
Warning: skipping mate #1 of read 'SRR26276101.10770254 A00551:652:HTY7HDSX5:4:1668:4363:8766 length=150' because length (1) <= # seed mismatches (0)
Warning: skipping mate #1 of read 'SRR26276101.10770254 A00551:652:HTY7HDSX5:4:1668:4363:8766 length=150' because it was < 2 characters long
Warning: skipping mate #1 of read 'SRR26276101.10901157 A00551:652:HTY7HDSX5:4:1675:12048:22138 length=150' because length (1) <= # seed mismatches (0)
Warning: skipping mate #2 of read 'SRR26276101.10901157 A00551:652:HTY7HDSX5:4:1675:12048:22138 length=150' because length (1) <= # seed mismatches (0)
Warning: skipping mate #1 of read 'SRR26276101.10901157 A00551:652:HTY7HDSX5:4:1675:12048:22138 length=150' because it was < 2 characters long
Warning: skipping mate #2 of read 'SRR26276101.10901157 A00551:652:HTY7HDSX5:4:1675:12048:22138 length=150' because it was < 2 characters long
Warning: skipping mate #1 of read 'SRR26276101.13023611 A00551:652:HTY7HDSX5:4:2245:5041:35211 length=150' because length (1) <= # seed mismatches (0)
Warning: skipping mate #2 of read 'SRR26276101.13023611 A00551:652:HTY7HDSX5:4:2245:5041:35211 length=150' because length (1) <= # seed mismatches (0)
Warning: skipping mate #1 of read 'SRR26276101.13023611 A00551:652:HTY7HDSX5:4:2245:5041:35211 length=150' because it was < 2 characters long
Warning: skipping mate #2 of read 'SRR26276101.13023611 A00551:652:HTY7HDSX5:4:2245:5041:35211 length=150' because it was < 2 characters long
Warning: skipping mate #1 of read 'SRR26276101.13806748 A00551:652:HTY7HDSX5:4:2314:15329:23500 length=150' because length (1) <= # seed mismatches (0)
Warning: skipping mate #2 of read 'SRR26276101.13806748 A00551:652:HTY7HDSX5:4:2314:15329:23500 length=150' because length (1) <= # seed mismatches (0)
Warning: skipping mate #1 of read 'SRR26276101.13806748 A00551:652:HTY7HDSX5:4:2314:15329:23500 length=150' because it was < 2 characters long
Warning: skipping mate #2 of read 'SRR26276101.13806748 A00551:652:HTY7HDSX5:4:2314:15329:23500 length=150' because it was < 2 characters long
18855062 reads; of these:
  18855062 (100.00%) were paired; of these:
    18854056 (99.99%) aligned concordantly 0 times
    466 (0.00%) aligned concordantly exactly 1 time
    540 (0.00%) aligned concordantly >1 times
    ----
    18854056 pairs aligned concordantly 0 times; of these:
      49 (0.00%) aligned discordantly 1 time
    ----
    18854007 pairs aligned 0 times concordantly or discordantly; of these:
      37708014 mates make up the pairs; of these:
        37700503 (99.98%) aligned 0 times
        3049 (0.01%) aligned exactly 1 time
        4462 (0.01%) aligned >1 times
0.03% overall alignment rate
