Warning: skipping mate #1 of read 'SRR26276103.2623091 NB501531:170:HMYMGBGXH:4:11612:12761:10690 length=151' because length (1) <= # seed mismatches (0)
Warning: skipping mate #2 of read 'SRR26276103.2623091 NB501531:170:HMYMGBGXH:4:11612:12761:10690 length=151' because length (1) <= # seed mismatches (0)
Warning: skipping mate #1 of read 'SRR26276103.2623091 NB501531:170:HMYMGBGXH:4:11612:12761:10690 length=151' because it was < 2 characters long
Warning: skipping mate #2 of read 'SRR26276103.2623091 NB501531:170:HMYMGBGXH:4:11612:12761:10690 length=151' because it was < 2 characters long
Warning: skipping mate #1 of read 'SRR26276103.3674320 A00551:652:HTY7HDSX5:4:2277:32777:25003 length=150' because length (1) <= # seed mismatches (0)
Warning: skipping mate #1 of read 'SRR26276103.3674320 A00551:652:HTY7HDSX5:4:2277:32777:25003 length=150' because it was < 2 characters long
3849599 reads; of these:
  3849599 (100.00%) were paired; of these:
    3848426 (99.97%) aligned concordantly 0 times
    723 (0.02%) aligned concordantly exactly 1 time
    450 (0.01%) aligned concordantly >1 times
    ----
    3848426 pairs aligned concordantly 0 times; of these:
      15 (0.00%) aligned discordantly 1 time
    ----
    3848411 pairs aligned 0 times concordantly or discordantly; of these:
      7696822 mates make up the pairs; of these:
        7695599 (99.98%) aligned 0 times
        443 (0.01%) aligned exactly 1 time
        780 (0.01%) aligned >1 times
0.05% overall alignment rate
