Warning: skipping mate #1 of read 'SRR26276134.15821626 A00551:652:HTY7HDSX5:4:1318:24261:29450 length=150' because length (1) <= # seed mismatches (0)
Warning: skipping mate #2 of read 'SRR26276134.15821626 A00551:652:HTY7HDSX5:4:1318:24261:29450 length=150' because length (1) <= # seed mismatches (0)
Warning: skipping mate #1 of read 'SRR26276134.15821626 A00551:652:HTY7HDSX5:4:1318:24261:29450 length=150' because it was < 2 characters long
Warning: skipping mate #2 of read 'SRR26276134.15821626 A00551:652:HTY7HDSX5:4:1318:24261:29450 length=150' because it was < 2 characters long
Warning: skipping mate #2 of read 'SRR26276134.36999103 A00551:652:HTY7HDSX5:4:2163:12979:17080 length=150' because length (1) <= # seed mismatches (0)
Warning: skipping mate #2 of read 'SRR26276134.36999103 A00551:652:HTY7HDSX5:4:2163:12979:17080 length=150' because it was < 2 characters long
Warning: skipping mate #2 of read 'SRR26276134.59486699 A00551:652:HTY7HDSX5:4:2659:7057:10050 length=150' because length (1) <= # seed mismatches (0)
Warning: skipping mate #2 of read 'SRR26276134.59486699 A00551:652:HTY7HDSX5:4:2659:7057:10050 length=150' because it was < 2 characters long
60643443 reads; of these:
  60643443 (100.00%) were paired; of these:
    60640556 (100.00%) aligned concordantly 0 times
    1010 (0.00%) aligned concordantly exactly 1 time
    1877 (0.00%) aligned concordantly >1 times
    ----
    60640556 pairs aligned concordantly 0 times; of these:
      166 (0.00%) aligned discordantly 1 time
    ----
    60640390 pairs aligned 0 times concordantly or discordantly; of these:
      121280780 mates make up the pairs; of these:
        121254939 (99.98%) aligned 0 times
        10787 (0.01%) aligned exactly 1 time
        15054 (0.01%) aligned >1 times
0.03% overall alignment rate
