Warning: skipping mate #1 of read 'SRR26276119.10709377 A00551:652:HTY7HDSX5:4:1474:8440:35681 length=150' because length (1) <= # seed mismatches (0)
Warning: skipping mate #2 of read 'SRR26276119.10709377 A00551:652:HTY7HDSX5:4:1474:8440:35681 length=150' because length (1) <= # seed mismatches (0)
Warning: skipping mate #1 of read 'SRR26276119.10709377 A00551:652:HTY7HDSX5:4:1474:8440:35681 length=150' because it was < 2 characters long
Warning: skipping mate #2 of read 'SRR26276119.10709377 A00551:652:HTY7HDSX5:4:1474:8440:35681 length=150' because it was < 2 characters long
Warning: skipping mate #1 of read 'SRR26276119.20873940 A00551:652:HTY7HDSX5:4:2322:13856:23234 length=150' because length (1) <= # seed mismatches (0)
Warning: skipping mate #2 of read 'SRR26276119.20873940 A00551:652:HTY7HDSX5:4:2322:13856:23234 length=150' because length (1) <= # seed mismatches (0)
Warning: skipping mate #1 of read 'SRR26276119.20873940 A00551:652:HTY7HDSX5:4:2322:13856:23234 length=150' because it was < 2 characters long
Warning: skipping mate #2 of read 'SRR26276119.20873940 A00551:652:HTY7HDSX5:4:2322:13856:23234 length=150' because it was < 2 characters long
Warning: skipping mate #2 of read 'SRR26276119.24784873 A00551:652:HTY7HDSX5:4:2476:14760:20008 length=150' because length (1) <= # seed mismatches (0)
Warning: skipping mate #2 of read 'SRR26276119.24784873 A00551:652:HTY7HDSX5:4:2476:14760:20008 length=150' because it was < 2 characters long
29505409 reads; of these:
  29505409 (100.00%) were paired; of these:
    29504154 (100.00%) aligned concordantly 0 times
    409 (0.00%) aligned concordantly exactly 1 time
    846 (0.00%) aligned concordantly >1 times
    ----
    29504154 pairs aligned concordantly 0 times; of these:
      51 (0.00%) aligned discordantly 1 time
    ----
    29504103 pairs aligned 0 times concordantly or discordantly; of these:
      59008206 mates make up the pairs; of these:
        58999955 (99.99%) aligned 0 times
        3874 (0.01%) aligned exactly 1 time
        4377 (0.01%) aligned >1 times
0.02% overall alignment rate
