Warning: skipping mate #1 of read 'SRR26276142.10252806 A00551:652:HTY7HDSX5:4:1151:29767:8985 length=150' because length (1) <= # seed mismatches (0)
Warning: skipping mate #2 of read 'SRR26276142.10252806 A00551:652:HTY7HDSX5:4:1151:29767:8985 length=150' because length (1) <= # seed mismatches (0)
Warning: skipping mate #1 of read 'SRR26276142.10252806 A00551:652:HTY7HDSX5:4:1151:29767:8985 length=150' because it was < 2 characters long
Warning: skipping mate #2 of read 'SRR26276142.10252806 A00551:652:HTY7HDSX5:4:1151:29767:8985 length=150' because it was < 2 characters long
Warning: skipping mate #1 of read 'SRR26276142.14670683 A00551:652:HTY7HDSX5:4:1227:16052:32675 length=150' because length (1) <= # seed mismatches (0)
Warning: skipping mate #2 of read 'SRR26276142.14670683 A00551:652:HTY7HDSX5:4:1227:16052:32675 length=150' because length (1) <= # seed mismatches (0)
Warning: skipping mate #1 of read 'SRR26276142.14670683 A00551:652:HTY7HDSX5:4:1227:16052:32675 length=150' because it was < 2 characters long
Warning: skipping mate #2 of read 'SRR26276142.14670683 A00551:652:HTY7HDSX5:4:1227:16052:32675 length=150' because it was < 2 characters long
Warning: skipping mate #1 of read 'SRR26276142.17688832 A00551:652:HTY7HDSX5:4:1264:14950:33739 length=150' because length (1) <= # seed mismatches (0)
Warning: skipping mate #2 of read 'SRR26276142.17688832 A00551:652:HTY7HDSX5:4:1264:14950:33739 length=150' because length (1) <= # seed mismatches (0)
Warning: skipping mate #1 of read 'SRR26276142.17688832 A00551:652:HTY7HDSX5:4:1264:14950:33739 length=150' because it was < 2 characters long
Warning: skipping mate #2 of read 'SRR26276142.17688832 A00551:652:HTY7HDSX5:4:1264:14950:33739 length=150' because it was < 2 characters long
Warning: skipping mate #1 of read 'SRR26276142.30353587 A00551:652:HTY7HDSX5:4:1464:19831:28792 length=150' because length (1) <= # seed mismatches (0)
Warning: skipping mate #1 of read 'SRR26276142.30353587 A00551:652:HTY7HDSX5:4:1464:19831:28792 length=150' because it was < 2 characters long
Warning: skipping mate #1 of read 'SRR26276142.48041875 A00551:652:HTY7HDSX5:4:2150:19759:20964 length=150' because length (1) <= # seed mismatches (0)
Warning: skipping mate #2 of read 'SRR26276142.48041875 A00551:652:HTY7HDSX5:4:2150:19759:20964 length=150' because length (1) <= # seed mismatches (0)
Warning: skipping mate #1 of read 'SRR26276142.48041875 A00551:652:HTY7HDSX5:4:2150:19759:20964 length=150' because it was < 2 characters long
Warning: skipping mate #2 of read 'SRR26276142.48041875 A00551:652:HTY7HDSX5:4:2150:19759:20964 length=150' because it was < 2 characters long
Warning: skipping mate #1 of read 'SRR26276142.56519570 A00551:652:HTY7HDSX5:4:2301:9860:20603 length=150' because length (1) <= # seed mismatches (0)
Warning: skipping mate #2 of read 'SRR26276142.56519570 A00551:652:HTY7HDSX5:4:2301:9860:20603 length=150' because length (1) <= # seed mismatches (0)
Warning: skipping mate #1 of read 'SRR26276142.56519570 A00551:652:HTY7HDSX5:4:2301:9860:20603 length=150' because it was < 2 characters long
Warning: skipping mate #2 of read 'SRR26276142.56519570 A00551:652:HTY7HDSX5:4:2301:9860:20603 length=150' because it was < 2 characters long
81372745 reads; of these:
  81372745 (100.00%) were paired; of these:
    81371805 (100.00%) aligned concordantly 0 times
    441 (0.00%) aligned concordantly exactly 1 time
    499 (0.00%) aligned concordantly >1 times
    ----
    81371805 pairs aligned concordantly 0 times; of these:
      129 (0.00%) aligned discordantly 1 time
    ----
    81371676 pairs aligned 0 times concordantly or discordantly; of these:
      162743352 mates make up the pairs; of these:
        162719179 (99.99%) aligned 0 times
        10499 (0.01%) aligned exactly 1 time
        13674 (0.01%) aligned >1 times
0.02% overall alignment rate
