Warning: skipping mate #1 of read 'SRR31108569.301596 MG01HX03:152:HK5KNCCXY:6:1103:12926:72227 length=151' because length (1) <= # seed mismatches (0)
Warning: skipping mate #1 of read 'SRR31108569.301596 MG01HX03:152:HK5KNCCXY:6:1103:12926:72227 length=151' because it was < 2 characters long
Warning: skipping mate #1 of read 'SRR31108569.1591179 MG01HX03:152:HK5KNCCXY:6:1116:27387:67287 length=151' because length (1) <= # seed mismatches (0)
Warning: skipping mate #1 of read 'SRR31108569.1591179 MG01HX03:152:HK5KNCCXY:6:1116:27387:67287 length=151' because it was < 2 characters long
Warning: skipping mate #1 of read 'SRR31108569.1604668 MG01HX03:152:HK5KNCCXY:6:1117:25225:5423 length=151' because length (1) <= # seed mismatches (0)
Warning: skipping mate #1 of read 'SRR31108569.1604668 MG01HX03:152:HK5KNCCXY:6:1117:25225:5423 length=151' because it was < 2 characters long
Warning: skipping mate #1 of read 'SRR31108569.3605556 MG01HX03:152:HK5KNCCXY:6:1213:8978:34904 length=151' because length (1) <= # seed mismatches (0)
Warning: skipping mate #1 of read 'SRR31108569.3605556 MG01HX03:152:HK5KNCCXY:6:1213:8978:34904 length=151' because it was < 2 characters long
Warning: skipping mate #2 of read 'SRR31108569.4330150 MG01HX03:152:HK5KNCCXY:6:1220:25672:70398 length=151' because length (1) <= # seed mismatches (0)
Warning: skipping mate #2 of read 'SRR31108569.4330150 MG01HX03:152:HK5KNCCXY:6:1220:25672:70398 length=151' because it was < 2 characters long
Warning: skipping mate #1 of read 'SRR31108569.5164149 MG01HX03:152:HK5KNCCXY:6:2105:7720:30931 length=151' because length (1) <= # seed mismatches (0)
Warning: skipping mate #1 of read 'SRR31108569.5164149 MG01HX03:152:HK5KNCCXY:6:2105:7720:30931 length=151' because it was < 2 characters long
Warning: skipping mate #2 of read 'SRR31108569.8543426 MG01HX03:152:HK5KNCCXY:6:2214:19755:25060 length=151' because length (1) <= # seed mismatches (0)
Warning: skipping mate #2 of read 'SRR31108569.8543426 MG01HX03:152:HK5KNCCXY:6:2214:19755:25060 length=151' because it was < 2 characters long
19361085 reads; of these:
  19361085 (100.00%) were paired; of these:
    19336273 (99.87%) aligned concordantly 0 times
    13499 (0.07%) aligned concordantly exactly 1 time
    11313 (0.06%) aligned concordantly >1 times
    ----
    19336273 pairs aligned concordantly 0 times; of these:
      204 (0.00%) aligned discordantly 1 time
    ----
    19336069 pairs aligned 0 times concordantly or discordantly; of these:
      38672138 mates make up the pairs; of these:
        38671421 (100.00%) aligned 0 times
        388 (0.00%) aligned exactly 1 time
        329 (0.00%) aligned >1 times
0.13% overall alignment rate
