Warning: skipping mate #1 of read 'SRR31108571.18665148 E00526:70:HV3CTCCXY:3:2105:17076:30509 length=151' because length (1) <= # seed mismatches (0)
Warning: skipping mate #1 of read 'SRR31108571.18665148 E00526:70:HV3CTCCXY:3:2105:17076:30509 length=151' because it was < 2 characters long
Warning: skipping mate #1 of read 'SRR31108571.19243794 E00526:70:HV3CTCCXY:3:2112:2635:30316 length=151' because length (1) <= # seed mismatches (0)
Warning: skipping mate #2 of read 'SRR31108571.19243794 E00526:70:HV3CTCCXY:3:2112:2635:30316 length=151' because length (1) <= # seed mismatches (0)
Warning: skipping mate #1 of read 'SRR31108571.19243794 E00526:70:HV3CTCCXY:3:2112:2635:30316 length=151' because it was < 2 characters long
Warning: skipping mate #2 of read 'SRR31108571.19243794 E00526:70:HV3CTCCXY:3:2112:2635:30316 length=151' because it was < 2 characters long
22320362 reads; of these:
  22320362 (100.00%) were paired; of these:
    22317139 (99.99%) aligned concordantly 0 times
    1644 (0.01%) aligned concordantly exactly 1 time
    1579 (0.01%) aligned concordantly >1 times
    ----
    22317139 pairs aligned concordantly 0 times; of these:
      28 (0.00%) aligned discordantly 1 time
    ----
    22317111 pairs aligned 0 times concordantly or discordantly; of these:
      44634222 mates make up the pairs; of these:
        44633142 (100.00%) aligned 0 times
        561 (0.00%) aligned exactly 1 time
        519 (0.00%) aligned >1 times
0.02% overall alignment rate
