Warning: skipping mate #1 of read 'SRR31108563.3373188 E00489:213:HJ3GNCCXY:2:1114:13555:16533 length=151' because length (1) <= # seed mismatches (0)
Warning: skipping mate #1 of read 'SRR31108563.3373188 E00489:213:HJ3GNCCXY:2:1114:13555:16533 length=151' because it was < 2 characters long
Warning: skipping mate #2 of read 'SRR31108563.6722162 E00489:213:HJ3GNCCXY:2:1202:5528:71260 length=151' because length (1) <= # seed mismatches (0)
Warning: skipping mate #2 of read 'SRR31108563.6722044 E00489:213:HJ3GNCCXY:2:1202:5568:71225 length=151' because length (1) <= # seed mismatches (0)
Warning: skipping mate #2 of read 'SRR31108563.6722044 E00489:213:HJ3GNCCXY:2:1202:5568:71225 length=151' because it was < 2 characters long
Warning: skipping mate #2 of read 'SRR31108563.6722162 E00489:213:HJ3GNCCXY:2:1202:5528:71260 length=151' because it was < 2 characters long
24170099 reads; of these:
  24170099 (100.00%) were paired; of these:
    24131456 (99.84%) aligned concordantly 0 times
    22505 (0.09%) aligned concordantly exactly 1 time
    16138 (0.07%) aligned concordantly >1 times
    ----
    24131456 pairs aligned concordantly 0 times; of these:
      294 (0.00%) aligned discordantly 1 time
    ----
    24131162 pairs aligned 0 times concordantly or discordantly; of these:
      48262324 mates make up the pairs; of these:
        48260219 (100.00%) aligned 0 times
        1088 (0.00%) aligned exactly 1 time
        1017 (0.00%) aligned >1 times
0.17% overall alignment rate
