Warning: skipping mate #1 of read 'SRR31108552.5945318 E00526:70:HV3CTCCXY:2:1101:32258:22669 length=151' because length (1) <= # seed mismatches (0)
Warning: skipping mate #2 of read 'SRR31108552.5945318 E00526:70:HV3CTCCXY:2:1101:32258:22669 length=151' because length (1) <= # seed mismatches (0)
Warning: skipping mate #1 of read 'SRR31108552.5945318 E00526:70:HV3CTCCXY:2:1101:32258:22669 length=151' because it was < 2 characters long
Warning: skipping mate #2 of read 'SRR31108552.5945318 E00526:70:HV3CTCCXY:2:1101:32258:22669 length=151' because it was < 2 characters long
Warning: skipping mate #2 of read 'SRR31108552.6711578 E00526:70:HV3CTCCXY:2:1110:17371:63226 length=151' because length (1) <= # seed mismatches (0)
Warning: skipping mate #2 of read 'SRR31108552.6711578 E00526:70:HV3CTCCXY:2:1110:17371:63226 length=151' because it was < 2 characters long
Warning: skipping mate #1 of read 'SRR31108552.8954627 E00526:70:HV3CTCCXY:2:1215:3711:19944 length=151' because length (1) <= # seed mismatches (0)
Warning: skipping mate #1 of read 'SRR31108552.8954627 E00526:70:HV3CTCCXY:2:1215:3711:19944 length=151' because it was < 2 characters long
21159056 reads; of these:
  21159056 (100.00%) were paired; of these:
    21118986 (99.81%) aligned concordantly 0 times
    23157 (0.11%) aligned concordantly exactly 1 time
    16913 (0.08%) aligned concordantly >1 times
    ----
    21118986 pairs aligned concordantly 0 times; of these:
      389 (0.00%) aligned discordantly 1 time
    ----
    21118597 pairs aligned 0 times concordantly or discordantly; of these:
      42237194 mates make up the pairs; of these:
        42235694 (100.00%) aligned 0 times
        674 (0.00%) aligned exactly 1 time
        826 (0.00%) aligned >1 times
0.19% overall alignment rate
