Warning: skipping mate #2 of read 'SRR31108532.4681626 MG01HX03:172:HKC25CCXY:7:2123:11718:24321 length=151' because length (1) <= # seed mismatches (0)
Warning: skipping mate #2 of read 'SRR31108532.4681626 MG01HX03:172:HKC25CCXY:7:2123:11718:24321 length=151' because it was < 2 characters long
Warning: skipping mate #1 of read 'SRR31108532.8671514 E00526:70:HV3CTCCXY:2:1203:24180:60360 length=151' because length (1) <= # seed mismatches (0)
Warning: skipping mate #1 of read 'SRR31108532.8671514 E00526:70:HV3CTCCXY:2:1203:24180:60360 length=151' because it was < 2 characters long
Warning: skipping mate #2 of read 'SRR31108532.17231001 E00526:70:HV3CTCCXY:3:1208:10977:20577 length=151' because length (1) <= # seed mismatches (0)
Warning: skipping mate #2 of read 'SRR31108532.17231001 E00526:70:HV3CTCCXY:3:1208:10977:20577 length=151' because it was < 2 characters long
22757858 reads; of these:
  22757858 (100.00%) were paired; of these:
    22755776 (99.99%) aligned concordantly 0 times
    1167 (0.01%) aligned concordantly exactly 1 time
    915 (0.00%) aligned concordantly >1 times
    ----
    22755776 pairs aligned concordantly 0 times; of these:
      29 (0.00%) aligned discordantly 1 time
    ----
    22755747 pairs aligned 0 times concordantly or discordantly; of these:
      45511494 mates make up the pairs; of these:
        45510273 (100.00%) aligned 0 times
        557 (0.00%) aligned exactly 1 time
        664 (0.00%) aligned >1 times
0.01% overall alignment rate
