Warning: skipping mate #1 of read 'SRR31108564.5133242 E00489:213:HJ3GNCCXY:2:1124:17949:50375 length=151' because length (1) <= # seed mismatches (0)
Warning: skipping mate #1 of read 'SRR31108564.5133242 E00489:213:HJ3GNCCXY:2:1124:17949:50375 length=151' because it was < 2 characters long
Warning: skipping mate #1 of read 'SRR31108564.5137443 E00489:213:HJ3GNCCXY:2:1124:18030:51746 length=151' because length (1) <= # seed mismatches (0)
Warning: skipping mate #1 of read 'SRR31108564.5137443 E00489:213:HJ3GNCCXY:2:1124:18030:51746 length=151' because it was < 2 characters long
Warning: skipping mate #1 of read 'SRR31108564.10603006 E00489:213:HJ3GNCCXY:2:2101:11170:60360 length=151' because length (1) <= # seed mismatches (0)
Warning: skipping mate #1 of read 'SRR31108564.10603006 E00489:213:HJ3GNCCXY:2:2101:11170:60360 length=151' because it was < 2 characters long
20208475 reads; of these:
  20208475 (100.00%) were paired; of these:
    20207113 (99.99%) aligned concordantly 0 times
    791 (0.00%) aligned concordantly exactly 1 time
    571 (0.00%) aligned concordantly >1 times
    ----
    20207113 pairs aligned concordantly 0 times; of these:
      10 (0.00%) aligned discordantly 1 time
    ----
    20207103 pairs aligned 0 times concordantly or discordantly; of these:
      40414206 mates make up the pairs; of these:
        40413575 (100.00%) aligned 0 times
        336 (0.00%) aligned exactly 1 time
        295 (0.00%) aligned >1 times
0.01% overall alignment rate
