Warning: skipping mate #1 of read 'SRR31108398.377691 MG01HX03:152:HK5KNCCXY:6:1105:2037:35291 length=151' because length (1) <= # seed mismatches (0)
Warning: skipping mate #1 of read 'SRR31108398.377691 MG01HX03:152:HK5KNCCXY:6:1105:2037:35291 length=151' because it was < 2 characters long
Warning: skipping mate #2 of read 'SRR31108398.2413111 MG01HX03:152:HK5KNCCXY:6:1205:10916:53029 length=151' because length (1) <= # seed mismatches (0)
Warning: skipping mate #2 of read 'SRR31108398.2413111 MG01HX03:152:HK5KNCCXY:6:1205:10916:53029 length=151' because it was < 2 characters long
Warning: skipping mate #2 of read 'SRR31108398.11981720 MG01HX03:152:HK5KNCCXY:7:1223:14874:13404 length=151' because length (1) <= # seed mismatches (0)
Warning: skipping mate #2 of read 'SRR31108398.11981720 MG01HX03:152:HK5KNCCXY:7:1223:14874:13404 length=151' because it was < 2 characters long
16205291 reads; of these:
  16205291 (100.00%) were paired; of these:
    16201532 (99.98%) aligned concordantly 0 times
    1660 (0.01%) aligned concordantly exactly 1 time
    2099 (0.01%) aligned concordantly >1 times
    ----
    16201532 pairs aligned concordantly 0 times; of these:
      31 (0.00%) aligned discordantly 1 time
    ----
    16201501 pairs aligned 0 times concordantly or discordantly; of these:
      32403002 mates make up the pairs; of these:
        32402313 (100.00%) aligned 0 times
        364 (0.00%) aligned exactly 1 time
        325 (0.00%) aligned >1 times
0.03% overall alignment rate
