Warning: skipping mate #1 of read 'SRR31108553.1236157 MG01HX03:172:HKC25CCXY:3:1107:26727:19874 length=151' because length (1) <= # seed mismatches (0)
Warning: skipping mate #2 of read 'SRR31108553.1236157 MG01HX03:172:HKC25CCXY:3:1107:26727:19874 length=151' because length (1) <= # seed mismatches (0)
Warning: skipping mate #1 of read 'SRR31108553.1236157 MG01HX03:172:HKC25CCXY:3:1107:26727:19874 length=151' because it was < 2 characters long
Warning: skipping mate #2 of read 'SRR31108553.1236157 MG01HX03:172:HKC25CCXY:3:1107:26727:19874 length=151' because it was < 2 characters long
Warning: skipping mate #1 of read 'SRR31108553.6856810 MG01HX03:172:HKC25CCXY:3:1211:8572:20313 length=151' because length (1) <= # seed mismatches (0)
Warning: skipping mate #2 of read 'SRR31108553.6856810 MG01HX03:172:HKC25CCXY:3:1211:8572:20313 length=151' because length (1) <= # seed mismatches (0)
Warning: skipping mate #1 of read 'SRR31108553.6856810 MG01HX03:172:HKC25CCXY:3:1211:8572:20313 length=151' because it was < 2 characters long
Warning: skipping mate #2 of read 'SRR31108553.6856810 MG01HX03:172:HKC25CCXY:3:1211:8572:20313 length=151' because it was < 2 characters long
19042963 reads; of these:
  19042963 (100.00%) were paired; of these:
    19034948 (99.96%) aligned concordantly 0 times
    3992 (0.02%) aligned concordantly exactly 1 time
    4023 (0.02%) aligned concordantly >1 times
    ----
    19034948 pairs aligned concordantly 0 times; of these:
      74 (0.00%) aligned discordantly 1 time
    ----
    19034874 pairs aligned 0 times concordantly or discordantly; of these:
      38069748 mates make up the pairs; of these:
        38068548 (100.00%) aligned 0 times
        689 (0.00%) aligned exactly 1 time
        511 (0.00%) aligned >1 times
0.05% overall alignment rate
