Warning: skipping mate #1 of read 'SRR31108567.2232554 MG01HX03:152:HK5KNCCXY:6:1122:10074:17571 length=151' because length (1) <= # seed mismatches (0)
Warning: skipping mate #1 of read 'SRR31108567.2232554 MG01HX03:152:HK5KNCCXY:6:1122:10074:17571 length=151' because it was < 2 characters long
Warning: skipping mate #2 of read 'SRR31108567.5495156 MG01HX03:152:HK5KNCCXY:6:2105:11485:54330 length=151' because length (1) <= # seed mismatches (0)
Warning: skipping mate #2 of read 'SRR31108567.5495156 MG01HX03:152:HK5KNCCXY:6:2105:11485:54330 length=151' because it was < 2 characters long
Warning: skipping mate #2 of read 'SRR31108567.16540391 MG01HX03:152:HK5KNCCXY:7:2113:9932:38420 length=151' because length (1) <= # seed mismatches (0)
Warning: skipping mate #2 of read 'SRR31108567.16540391 MG01HX03:152:HK5KNCCXY:7:2113:9932:38420 length=151' because it was < 2 characters long
Warning: skipping mate #2 of read 'SRR31108567.18864005 MG01HX03:152:HK5KNCCXY:7:2211:5183:19891 length=151' because length (1) <= # seed mismatches (0)
Warning: skipping mate #2 of read 'SRR31108567.18864005 MG01HX03:152:HK5KNCCXY:7:2211:5183:19891 length=151' because it was < 2 characters long
20343361 reads; of these:
  20343361 (100.00%) were paired; of these:
    20338020 (99.97%) aligned concordantly 0 times
    2310 (0.01%) aligned concordantly exactly 1 time
    3031 (0.01%) aligned concordantly >1 times
    ----
    20338020 pairs aligned concordantly 0 times; of these:
      45 (0.00%) aligned discordantly 1 time
    ----
    20337975 pairs aligned 0 times concordantly or discordantly; of these:
      40675950 mates make up the pairs; of these:
        40675180 (100.00%) aligned 0 times
        432 (0.00%) aligned exactly 1 time
        338 (0.00%) aligned >1 times
0.03% overall alignment rate
