Warning: skipping mate #1 of read 'SRR31108545.1939112 MG01HX03:172:HKC25CCXY:7:1210:4726:68570 length=151' because length (1) <= # seed mismatches (0)
Warning: skipping mate #1 of read 'SRR31108545.1939112 MG01HX03:172:HKC25CCXY:7:1210:4726:68570 length=151' because it was < 2 characters long
Warning: skipping mate #2 of read 'SRR31108545.6172326 E00526:70:HV3CTCCXY:2:1111:29548:9009 length=151' because length (1) <= # seed mismatches (0)
Warning: skipping mate #2 of read 'SRR31108545.6172326 E00526:70:HV3CTCCXY:2:1111:29548:9009 length=151' because it was < 2 characters long
Warning: skipping mate #2 of read 'SRR31108545.14172315 E00526:70:HV3CTCCXY:3:1202:10754:23741 length=151' because length (1) <= # seed mismatches (0)
Warning: skipping mate #2 of read 'SRR31108545.14172315 E00526:70:HV3CTCCXY:3:1202:10754:23741 length=151' because it was < 2 characters long
19304287 reads; of these:
  19304287 (100.00%) were paired; of these:
    19270748 (99.83%) aligned concordantly 0 times
    19992 (0.10%) aligned concordantly exactly 1 time
    13547 (0.07%) aligned concordantly >1 times
    ----
    19270748 pairs aligned concordantly 0 times; of these:
      293 (0.00%) aligned discordantly 1 time
    ----
    19270455 pairs aligned 0 times concordantly or discordantly; of these:
      38540910 mates make up the pairs; of these:
        38538698 (99.99%) aligned 0 times
        463 (0.00%) aligned exactly 1 time
        1749 (0.00%) aligned >1 times
0.18% overall alignment rate
